---
source: linter/src/rules/adding_field_with_default.rs
expression: "check_sql(ok_sql, &[RuleViolationKind::PreferRobustStmts],\n    &Version::parse(\"11.0.0\").unwrap())"
---
Ok(
    [],
)
