---
source: linter/src/versions.rs
expression: "Version::from_str(\"test\")"
---
Err(
    InvalidNumber(
        InvalidNumber {
            version: "test",
            e: ParseIntError {
                kind: InvalidDigit,
            },
        },
    ),
)
