---
source: src/rules.rs
expression: "check_sql(&sql, &[])"
---
Ok(
    [],
)
